{"log":
 [{"message":
   ".> LEAN_PATH=././.lake/packages/Cli/.lake/build/lib:././.lake/packages/batteries/.lake/build/lib:././.lake/packages/Qq/.lake/build/lib:././.lake/packages/aesop/.lake/build/lib:././.lake/packages/proofwidgets/.lake/build/lib:././.lake/packages/importGraph/.lake/build/lib:././.lake/packages/LeanSearchClient/.lake/build/lib:././.lake/packages/plausible/.lake/build/lib:././.lake/packages/SafeVerify/.lake/build/lib:././.lake/packages/mathlib/.lake/build/lib:././.lake/packages/VerifiedAgora/.lake/build/lib:././.lake/build/lib LD_LIBRARY_PATH= /shared/elan/toolchains/leanprover--lean4---v4.17.0/bin/lean ././././InformationTheory/KullbackLeibler/Basic.lean -R ./././. -o ././.lake/build/lib/InformationTheory/KullbackLeibler/Basic.olean -i ././.lake/build/lib/InformationTheory/KullbackLeibler/Basic.ilean -c ././.lake/build/ir/InformationTheory/KullbackLeibler/Basic.c --json",
   "level": "trace"},
  {"message":
   "././././InformationTheory/KullbackLeibler/Basic.lean:60:6: declaration uses 'sorry'",
   "level": "warning"},
  {"message":
   "././././InformationTheory/KullbackLeibler/Basic.lean:74:6: declaration uses 'sorry'",
   "level": "warning"},
  {"message":
   "././././InformationTheory/KullbackLeibler/Basic.lean:85:6: declaration uses 'sorry'",
   "level": "warning"},
  {"message":
   "././././InformationTheory/KullbackLeibler/Basic.lean:88:6: declaration uses 'sorry'",
   "level": "warning"},
  {"message":
   "././././InformationTheory/KullbackLeibler/Basic.lean:96:6: declaration uses 'sorry'",
   "level": "warning"},
  {"message":
   "././././InformationTheory/KullbackLeibler/Basic.lean:103:6: declaration uses 'sorry'",
   "level": "warning"},
  {"message":
   "././././InformationTheory/KullbackLeibler/Basic.lean:122:6: declaration uses 'sorry'",
   "level": "warning"},
  {"message":
   "././././InformationTheory/KullbackLeibler/Basic.lean:135:6: declaration uses 'sorry'",
   "level": "warning"},
  {"message":
   "././././InformationTheory/KullbackLeibler/Basic.lean:164:6: declaration uses 'sorry'",
   "level": "warning"},
  {"message":
   "././././InformationTheory/KullbackLeibler/Basic.lean:168:6: declaration uses 'sorry'",
   "level": "warning"},
  {"message":
   "././././InformationTheory/KullbackLeibler/Basic.lean:173:6: declaration uses 'sorry'",
   "level": "warning"},
  {"message":
   "././././InformationTheory/KullbackLeibler/Basic.lean:183:6: declaration uses 'sorry'",
   "level": "warning"}],
 "depHash": "3534499296226832019"}