{"log":
 [{"message":
   ".> LEAN_PATH=././.lake/packages/Cli/.lake/build/lib:././.lake/packages/SafeVerify/.lake/build/lib:././.lake/packages/batteries/.lake/build/lib:././.lake/packages/Qq/.lake/build/lib:././.lake/packages/aesop/.lake/build/lib:././.lake/packages/proofwidgets/.lake/build/lib:././.lake/packages/importGraph/.lake/build/lib:././.lake/packages/LeanSearchClient/.lake/build/lib:././.lake/packages/plausible/.lake/build/lib:././.lake/packages/VerifiedAgora/.lake/build/lib:././.lake/build/lib LD_LIBRARY_PATH= /home/shivansg/.elan/toolchains/leanprover--lean4---v4.17.0/bin/lean -Dpp.unicode.fun=true -DautoImplicit=false -DmaxSynthPendingDepth=3 -Dweak.linter.docPrime=false -Dweak.linter.hashCommand=true -Dweak.linter.oldObtain=true -Dweak.linter.refine=true -Dweak.linter.style.cdot=true -Dweak.linter.style.dollarSyntax=true -Dweak.linter.style.header=true -Dweak.linter.style.lambdaSyntax=true -Dweak.linter.style.longLine=true -Dweak.linter.style.longFile=1500 -Dweak.linter.style.missingEnd=true -Dweak.linter.style.multiGoal=true -Dweak.linter.style.setOption=true ././././Mathlib/InformationTheory/Hamming.lean -R ./././. -o ././.lake/build/lib/Mathlib/InformationTheory/Hamming.olean -i ././.lake/build/lib/Mathlib/InformationTheory/Hamming.ilean -c ././.lake/build/ir/Mathlib/InformationTheory/Hamming.c --json",
   "level": "trace"},
  {"message":
   "././././Mathlib/InformationTheory/Hamming.lean:1:1: * '-/':\nCopyright too short!\n\nnote: this linter can be disabled with `set_option linter.style.header false`",
   "level": "warning"},
  {"message":
   "././././Mathlib/InformationTheory/Hamming.lean:42:8: declaration uses 'sorry'",
   "level": "warning"},
  {"message":
   "././././Mathlib/InformationTheory/Hamming.lean:50:8: declaration uses 'sorry'",
   "level": "warning"},
  {"message":
   "././././Mathlib/InformationTheory/Hamming.lean:54:8: declaration uses 'sorry'",
   "level": "warning"},
  {"message":
   "././././Mathlib/InformationTheory/Hamming.lean:59:8: declaration uses 'sorry'",
   "level": "warning"},
  {"message":
   "././././Mathlib/InformationTheory/Hamming.lean:70:8: declaration uses 'sorry'",
   "level": "warning"},
  {"message":
   "././././Mathlib/InformationTheory/Hamming.lean:74:8: declaration uses 'sorry'",
   "level": "warning"},
  {"message":
   "././././Mathlib/InformationTheory/Hamming.lean:78:8: declaration uses 'sorry'",
   "level": "warning"},
  {"message":
   "././././Mathlib/InformationTheory/Hamming.lean:82:8: declaration uses 'sorry'",
   "level": "warning"},
  {"message":
   "././././Mathlib/InformationTheory/Hamming.lean:86:8: declaration uses 'sorry'",
   "level": "warning"},
  {"message":
   "././././Mathlib/InformationTheory/Hamming.lean:90:8: declaration uses 'sorry'",
   "level": "warning"},
  {"message":
   "././././Mathlib/InformationTheory/Hamming.lean:93:8: declaration uses 'sorry'",
   "level": "warning"},
  {"message":
   "././././Mathlib/InformationTheory/Hamming.lean:96:8: declaration uses 'sorry'",
   "level": "warning"},
  {"message":
   "././././Mathlib/InformationTheory/Hamming.lean:99:8: declaration uses 'sorry'",
   "level": "warning"},
  {"message":
   "././././Mathlib/InformationTheory/Hamming.lean:103:8: declaration uses 'sorry'",
   "level": "warning"},
  {"message":
   "././././Mathlib/InformationTheory/Hamming.lean:107:8: declaration uses 'sorry'",
   "level": "warning"},
  {"message":
   "././././Mathlib/InformationTheory/Hamming.lean:112:8: declaration uses 'sorry'",
   "level": "warning"},
  {"message":
   "././././Mathlib/InformationTheory/Hamming.lean:124:8: declaration uses 'sorry'",
   "level": "warning"},
  {"message":
   "././././Mathlib/InformationTheory/Hamming.lean:128:8: declaration uses 'sorry'",
   "level": "warning"},
  {"message":
   "././././Mathlib/InformationTheory/Hamming.lean:132:8: declaration uses 'sorry'",
   "level": "warning"},
  {"message":
   "././././Mathlib/InformationTheory/Hamming.lean:136:8: declaration uses 'sorry'",
   "level": "warning"},
  {"message":
   "././././Mathlib/InformationTheory/Hamming.lean:140:8: declaration uses 'sorry'",
   "level": "warning"},
  {"message":
   "././././Mathlib/InformationTheory/Hamming.lean:144:8: declaration uses 'sorry'",
   "level": "warning"},
  {"message":
   "././././Mathlib/InformationTheory/Hamming.lean:148:8: declaration uses 'sorry'",
   "level": "warning"},
  {"message":
   "././././Mathlib/InformationTheory/Hamming.lean:151:8: declaration uses 'sorry'",
   "level": "warning"},
  {"message":
   "././././Mathlib/InformationTheory/Hamming.lean:154:8: declaration uses 'sorry'",
   "level": "warning"},
  {"message":
   "././././Mathlib/InformationTheory/Hamming.lean:157:8: declaration uses 'sorry'",
   "level": "warning"},
  {"message":
   "././././Mathlib/InformationTheory/Hamming.lean:161:8: declaration uses 'sorry'",
   "level": "warning"},
  {"message":
   "././././Mathlib/InformationTheory/Hamming.lean:165:8: declaration uses 'sorry'",
   "level": "warning"},
  {"message":
   "././././Mathlib/InformationTheory/Hamming.lean:169:8: declaration uses 'sorry'",
   "level": "warning"},
  {"message":
   "././././Mathlib/InformationTheory/Hamming.lean:170:0: This line exceeds the 100 character limit, please shorten it!\nnote: this linter can be disabled with `set_option linter.style.longLine false`",
   "level": "warning"},
  {"message":
   "././././Mathlib/InformationTheory/Hamming.lean:176:8: declaration uses 'sorry'",
   "level": "warning"},
  {"message":
   "././././Mathlib/InformationTheory/Hamming.lean:254:8: declaration uses 'sorry'",
   "level": "warning"},
  {"message":
   "././././Mathlib/InformationTheory/Hamming.lean:257:8: declaration uses 'sorry'",
   "level": "warning"},
  {"message":
   "././././Mathlib/InformationTheory/Hamming.lean:260:8: declaration uses 'sorry'",
   "level": "warning"},
  {"message":
   "././././Mathlib/InformationTheory/Hamming.lean:263:8: declaration uses 'sorry'",
   "level": "warning"},
  {"message":
   "././././Mathlib/InformationTheory/Hamming.lean:266:8: declaration uses 'sorry'",
   "level": "warning"},
  {"message":
   "././././Mathlib/InformationTheory/Hamming.lean:269:8: declaration uses 'sorry'",
   "level": "warning"},
  {"message":
   "././././Mathlib/InformationTheory/Hamming.lean:272:8: declaration uses 'sorry'",
   "level": "warning"},
  {"message":
   "././././Mathlib/InformationTheory/Hamming.lean:275:8: declaration uses 'sorry'",
   "level": "warning"},
  {"message":
   "././././Mathlib/InformationTheory/Hamming.lean:278:8: declaration uses 'sorry'",
   "level": "warning"},
  {"message":
   "././././Mathlib/InformationTheory/Hamming.lean:281:8: declaration uses 'sorry'",
   "level": "warning"},
  {"message":
   "././././Mathlib/InformationTheory/Hamming.lean:284:8: declaration uses 'sorry'",
   "level": "warning"},
  {"message":
   "././././Mathlib/InformationTheory/Hamming.lean:288:8: declaration uses 'sorry'",
   "level": "warning"},
  {"message":
   "././././Mathlib/InformationTheory/Hamming.lean:292:8: declaration uses 'sorry'",
   "level": "warning"},
  {"message":
   "././././Mathlib/InformationTheory/Hamming.lean:296:8: declaration uses 'sorry'",
   "level": "warning"},
  {"message":
   "././././Mathlib/InformationTheory/Hamming.lean:300:8: declaration uses 'sorry'",
   "level": "warning"},
  {"message":
   "././././Mathlib/InformationTheory/Hamming.lean:304:8: declaration uses 'sorry'",
   "level": "warning"},
  {"message":
   "././././Mathlib/InformationTheory/Hamming.lean:317:8: declaration uses 'sorry'",
   "level": "warning"},
  {"message":
   "././././Mathlib/InformationTheory/Hamming.lean:351:8: declaration uses 'sorry'",
   "level": "warning"},
  {"message":
   "././././Mathlib/InformationTheory/Hamming.lean:362:8: declaration uses 'sorry'",
   "level": "warning"},
  {"message":
   "././././Mathlib/InformationTheory/Hamming.lean:362:0: This line exceeds the 100 character limit, please shorten it!\nnote: this linter can be disabled with `set_option linter.style.longLine false`",
   "level": "warning"},
  {"message":
   "././././Mathlib/InformationTheory/Hamming.lean:371:8: declaration uses 'sorry'",
   "level": "warning"}],
 "depHash": "15447639228302752950"}